../User_Src/AFE_adbms6815_SM.c:44:13:SM_Delay_us_YieldCan	16	static,ignoring_inline_asm
../User_Src/AFE_adbms6815_SM.c:703:6:Adbms6815_SM_Start	0	static
../User_Src/AFE_adbms6815_SM.c:846:6:Adbms6815_SM_Daisy_Read_to_Diag	96	static
../User_Src/AFE_adbms6815_SM.c:62:13:SM01_Step	24	static
../User_Src/AFE_adbms6815_SM.c:80:13:SM02_Step	24	static
../User_Src/AFE_adbms6815_SM.c:98:13:SM04_Step	40	static
../User_Src/AFE_adbms6815_SM.c:122:13:SM07_Step	24	static
../User_Src/AFE_adbms6815_SM.c:146:13:SM09_Step	24	static
../User_Src/AFE_adbms6815_SM.c:199:13:SM13_Step	24	static
../User_Src/AFE_adbms6815_SM.c:240:13:SM15_Step	40	static
../User_Src/AFE_adbms6815_SM.c:277:13:SM17_Step	40	static
../User_Src/AFE_adbms6815_SM.c:299:13:SM22_Step	24	static
../User_Src/AFE_adbms6815_SM.c:323:13:SM23_Step	32	static
../User_Src/AFE_adbms6815_SM.c:394:13:SM29_Step	40	static
../User_Src/AFE_adbms6815_SM.c:430:13:SM31_Step	24	static
../User_Src/AFE_adbms6815_SM.c:466:13:SM38_Step	24	static
../User_Src/AFE_adbms6815_SM.c:489:13:SM41_Step	24	static
../User_Src/AFE_adbms6815_SM.c:579:13:SM44_Step	24	static
../User_Src/AFE_adbms6815_SM.c:614:13:SM45_Step	24	static
../User_Src/AFE_adbms6815_SM.c:714:6:Adbms6815_SM_Proc	8	static
../User_Src/AFE_adbms6815_SM.c:1450:6:Adbms6815_SM_Init	8	static
