../User_Src/AFE_adbms6815.c:88:5:Adbms6815_CmdPec15	4	static
../User_Src/AFE_adbms6815.c:106:5:Adbms6815_DatPec10	12	static
../User_Src/AFE_adbms6815.c:148:6:Adbms6815_Init_Pec15_Table	0	static
../User_Src/AFE_adbms6815.c:175:6:Adbms6815_Init_Pec10_Table	0	static
../User_Src/AFE_adbms6815.c:208:6:Adbms6815_ChipSel	16	static
../User_Src/AFE_adbms6815.c:247:6:Adbms6815_Wakeup	16	static
../User_Src/AFE_adbms6815.c:260:6:Adbms6815_Cmd_Write	32	static
../User_Src/AFE_adbms6815.c:285:6:Adbms6815_ClearCmd_Write	176	static
../User_Src/AFE_adbms6815.c:323:6:Adbms6815_Daisy_Read_DmaStart	24	static
../User_Src/AFE_adbms6815.c:540:6:Adbms6815_Daisy_CfgRead	336	static
../User_Src/AFE_adbms6815.c:597:6:Adbms6815_RdCfgA	8	static
../User_Src/AFE_adbms6815.c:603:6:Adbms6815_RdCfgB	8	static
../User_Src/AFE_adbms6815.c:608:6:Adbms6815_Daisy_CfgWrite	328	static
../User_Src/AFE_adbms6815.c:482:6:Adbms6815_WrCfgA	40	static
../User_Src/AFE_adbms6815.c:500:6:Adbms6815_WrCmCfg	232	static
../User_Src/AFE_adbms6815.c:511:6:Adbms6815_WrCfgB	16	static
../User_Src/AFE_adbms6815.c:644:6:Adbms6815_Daisy_BalWrite	336	static
../User_Src/AFE_adbms6815.c:679:6:Adbms6815_WrCfgBal	32	static,ignoring_inline_asm
../User_Src/AFE_adbms6815.c:734:6:Adbms6815_Cal_AfePos	0	static
../User_Src/AFE_adbms6815.c:760:4:Adbms6815_Get_AfePos	0	static
../User_Src/AFE_adbms6815.c:767:5:Adbms6815_CmdCnt	0	static
../User_Src/AFE_adbms6815.c:359:6:Adbms6815_Daisy_Read_DmaEnd	88	static
../User_Src/AFE_adbms6815.c:779:6:Adbms6815_Init	16	static
../User_Src/AFE_adbms6815.c:797:6:Adbms6815_Make_BalFlag	12	static
../User_Src/AFE_adbms6815.c:856:6:Adbms6815_Balancing_Proc	8	static
../User_Src/AFE_adbms6815.c:877:6:Adbms6815_01_CV_Config	24	static
../User_Src/AFE_adbms6815.c:888:6:Adbms6815_01_CV_StartConv	16	static
../User_Src/AFE_adbms6815.c:896:6:Adbms6815_02_CV_Read_S	24	static
../User_Src/AFE_adbms6815.c:905:6:Adbms6815_03_CV_Read_E	16	static
../User_Src/AFE_adbms6815.c:913:6:Adbms6815_04_TH_Config	16	static
../User_Src/AFE_adbms6815.c:921:6:Adbms6815_05_TH_Read_S	24	static
../User_Src/AFE_adbms6815.c:930:6:Adbms6815_06_TH_Read_E	16	static
../User_Src/AFE_adbms6815.c:939:6:Adbms6815_Start_Balancing	0	static
../User_Src/AFE_adbms6815.c:943:6:Adbms6815_Stop_Balancing	0	static
