../User_Src/EEP_m24256a.c:200:6:EEP_SaveData	4	static
../User_Src/EEP_m24256a.c:41:6:EEP_SaveNormalData	16	static
../User_Src/EEP_m24256a.c:120:6:EEP_SaveFaultData	16	static
../User_Src/EEP_m24256a.c:30:6:EEP_Proc	8	static
../User_Src/EEP_m24256a.c:240:6:EEP_DataRead	32	static
../User_Src/EEP_m24256a.c:309:6:EEP_DataClear	0	static
../User_Src/EEP_m24256a.c:326:6:EEP_ReadCalData	64	static
../User_Src/EEP_m24256a.c:395:6:EEP_ReadSysInfo	24	static
../User_Src/EEP_m24256a.c:412:6:EEP_WriteBalontime_init	0	static
../User_Src/EEP_m24256a.c:418:6:EEP_Writebalontime	24	static
../User_Src/EEP_m24256a.c:426:6:EEP_Readbalontime	24	static
../User_Src/EEP_m24256a.c:431:6:EEP_WriteHostIpAddr	24	static
../User_Src/EEP_m24256a.c:437:4:EEP_ReadHostIpAddr	24	static
../User_Src/EEP_m24256a.c:447:6:EEP_Write_CurrGain	48	static
../User_Src/EEP_m24256a.c:479:6:EEP_Write_CurrOffset	48	static
../User_Src/EEP_m24256a.c:514:6:EEP_Write_Gain_PvIN	48	static
../User_Src/EEP_m24256a.c:546:6:EEP_Write_Gain_PvOU	48	static
../User_Src/EEP_m24256a.c:578:6:EEP_Write_Gain_PvBT	48	static
../User_Src/EEP_m24256a.c:610:6:EEP_Write_Gain_Ax24v	48	static
../User_Src/EEP_m24256a.c:641:6:EEP_Write_Gain_Ax13v	48	static
../User_Src/EEP_m24256a.c:673:6:EEP_Write_Gain_Ax5v	48	static
../User_Src/EEP_m24256a.c:704:6:EEP_Write_Gain_Ax3v	48	static
../User_Src/EEP_m24256a.c:749:6:EEP_Read_CurrGain	32	static
../User_Src/EEP_m24256a.c:757:6:EEP_Read_CurrOffset	32	static
../User_Src/EEP_m24256a.c:765:6:EEP_Read_Gain_PvIN	32	static
../User_Src/EEP_m24256a.c:773:6:EEP_Read_Gain_PvOU	32	static
../User_Src/EEP_m24256a.c:781:6:EEP_Read_Gain_PvBT	32	static
../User_Src/EEP_m24256a.c:790:6:EEP_Read_Gain_ax24v	32	static
../User_Src/EEP_m24256a.c:797:6:EEP_Read_Gain_ax13v	32	static
../User_Src/EEP_m24256a.c:804:6:EEP_Read_Gain_ax5v	32	static
../User_Src/EEP_m24256a.c:811:6:EEP_Read_Gain_ax3v	32	static
../User_Src/EEP_m24256a.c:829:6:EEP_Write_CalData	8	static
../User_Src/EEP_m24256a.c:855:6:EEP_Read_CalData	8	static
