../User_Src/ms_adc.c:58:6:ADC_InitAll	8	static
../User_Src/ms_adc.c:100:6:ADC_GetStmAdc15bit	0	static
../User_Src/ms_adc.c:169:6:ADC1_Ch10_GetPIL	8	static
../User_Src/ms_adc.c:178:6:ADC1_Ch11_GetPIH	8	static
../User_Src/ms_adc.c:189:6:ADC1_Ch0_GetAd24V	8	static
../User_Src/ms_adc.c:199:6:ADC1_Ch1_GetAd13V	8	static
../User_Src/ms_adc.c:209:6:ADC1_Ch2_GetAd5V0	8	static
../User_Src/ms_adc.c:218:6:ADC1_Ch3_GetAd3V3	8	static
../User_Src/ms_adc.c:228:6:ADC2_Ch0_GetCPV	8	static
../User_Src/ms_adc.c:241:6:ADC2_Ch1_GetAVPV	8	static
../User_Src/ms_adc.c:254:6:ADC2_Ch2_GetBtmsVPV	8	static
../User_Src/ms_adc.c:267:6:HAL_ADC_ConvCpltCallback	4	static
../User_Src/ms_adc.c:362:5:ADC_Get_PVIN	0	static
../User_Src/ms_adc.c:369:5:ADC_Get_PVOUT	0	static
../User_Src/ms_adc.c:376:5:ADC_Get_PV_BT	0	static
../User_Src/ms_adc.c:384:6:Adc_DefaultV_Gain	0	static
../User_Src/ms_adc.c:403:5:ADC_GetAdc_PVIN	0	static
../User_Src/ms_adc.c:404:5:ADC_GetAdc_PVOUT	0	static
../User_Src/ms_adc.c:405:5:ADC_GetAdc_PV_BT	0	static
../User_Src/ms_adc.c:408:6:ADC_SetAdc_PVIN	0	static
../User_Src/ms_adc.c:409:6:ADC_SetAdc_PVOUT	0	static
../User_Src/ms_adc.c:410:6:ADC_SetAdc_PV_BT	0	static
