../User_Src/ms_adc.c:58:6:ADC_InitAll	8	static
../User_Src/ms_adc.c:100:6:ADC_GetStmAdc15bit	0	static
../User_Src/ms_adc.c:169:6:ADC1_Ch10_GetPIL	0	static
../User_Src/ms_adc.c:178:6:ADC1_Ch11_GetPIH	0	static
../User_Src/ms_adc.c:189:6:ADC1_Ch0_GetAd24V	16	static
../User_Src/ms_adc.c:203:6:ADC1_Ch1_GetAd13V	16	static
../User_Src/ms_adc.c:212:6:ADC1_Ch2_GetAd5V0	16	static
../User_Src/ms_adc.c:220:6:ADC1_Ch3_GetAd3V3	16	static
../User_Src/ms_adc.c:230:6:ADC2_Ch0_GetCPV	16	static
../User_Src/ms_adc.c:243:6:ADC2_Ch1_GetAVPV	16	static
../User_Src/ms_adc.c:256:6:ADC2_Ch2_GetBtmsVPV	16	static
../User_Src/ms_adc.c:269:6:HAL_ADC_ConvCpltCallback	4	static
../User_Src/ms_adc.c:364:5:ADC_Get_PVIN	0	static
../User_Src/ms_adc.c:371:5:ADC_Get_PVOUT	0	static
../User_Src/ms_adc.c:378:5:ADC_Get_PV_BT	0	static
../User_Src/ms_adc.c:386:6:Adc_DefaultV_Gain	8	static
../User_Src/ms_adc.c:418:5:ADC_GetAdc_PVIN	0	static
../User_Src/ms_adc.c:419:5:ADC_GetAdc_PVOUT	0	static
../User_Src/ms_adc.c:420:5:ADC_GetAdc_PV_BT	0	static
../User_Src/ms_adc.c:423:6:ADC_SetAdc_PVIN	0	static
../User_Src/ms_adc.c:424:6:ADC_SetAdc_PVOUT	0	static
../User_Src/ms_adc.c:425:6:ADC_SetAdc_PV_BT	0	static
