../User_Src/ms_alarm.c:93:4:CellOVAD	0	static
../User_Src/ms_alarm.c:112:4:CellUVAD	0	static
../User_Src/ms_alarm.c:132:4:PackOVAD	0	static
../User_Src/ms_alarm.c:152:4:PackUVAD	0	static
../User_Src/ms_alarm.c:171:4:ChagOCAD	0	static
../User_Src/ms_alarm.c:190:4:DchgOCAD	0	static
../User_Src/ms_alarm.c:209:4:ChagOTAD	0	static
../User_Src/ms_alarm.c:232:4:ChagUTAD	0	static
../User_Src/ms_alarm.c:256:4:DchgOTAD	0	static
../User_Src/ms_alarm.c:276:4:DchgUTAD	0	static
../User_Src/ms_alarm.c:31:5:Alarm_Occur	16	static
../User_Src/ms_alarm.c:297:4:AuxiOVAD	0	static
../User_Src/ms_alarm.c:318:4:AuxiUVAD	0	static
../User_Src/ms_alarm.c:338:4:CellVImbalAD	0	static
../User_Src/ms_alarm.c:358:4:TempDifferAD	0	static
../User_Src/ms_alarm.c:380:4:CellOVAR	0	static
../User_Src/ms_alarm.c:400:4:CellUVAR	0	static
../User_Src/ms_alarm.c:419:4:PackOVAR	0	static
../User_Src/ms_alarm.c:439:4:PackUVAR	0	static
../User_Src/ms_alarm.c:460:4:ChagOCAR	0	static
../User_Src/ms_alarm.c:480:4:DchgOCAR	0	static
../User_Src/ms_alarm.c:525:4:ChagOTAR	0	static
../User_Src/ms_alarm.c:548:4:ChagUTAR	0	static
../User_Src/ms_alarm.c:572:4:DchgOTAR	0	static
../User_Src/ms_alarm.c:595:4:DchgUTAR	0	static
../User_Src/ms_alarm.c:62:5:Alarm_Release	16	static
../User_Src/ms_alarm.c:618:4:AuxiOVAR	0	static
../User_Src/ms_alarm.c:638:4:AuxiUVAR	0	static
../User_Src/ms_alarm.c:658:4:CellVImbalAR	0	static
../User_Src/ms_alarm.c:678:4:TempDifferAR	0	static
