../User_Src/ms_btms.c:569:11:BTMS_Ascii2Dec	0	static
../User_Src/ms_btms.c:574:13:BTMS_Dec2Ascii	0	static
../User_Src/ms_btms.c:581:12:BTMS_AsciiStrToNum	8	static
../User_Src/ms_btms.c:603:12:crc16_ibm3740	4	static
../User_Src/ms_btms.c:72:6:BTMS_Init	8	static
../User_Src/ms_btms.c:85:6:BTMS_485Rx_Timeout	8	static
../User_Src/ms_btms.c:100:5:BTMS_Make_TxData	40	static
../User_Src/ms_btms.c:172:6:BTMS_485Tx_Data	48	static
../User_Src/ms_btms.c:214:6:BTMS_Start	8	static
../User_Src/ms_btms.c:230:6:BTMS_Status	8	static
../User_Src/ms_btms.c:231:6:BTMS_Status_Temp	8	static
../User_Src/ms_btms.c:300:6:BTMS_RxData_ReParser	0	static
../User_Src/ms_btms.c:307:6:BTMS_RxFrameParser	8	static
../User_Src/ms_btms.c:264:6:BTMS_Receive_DMA_Poll	16	static
../User_Src/ms_btms.c:403:6:BTMS_ParseRxData	24	static
../User_Src/ms_btms.c:234:6:BTMS_Proc	8	static
../User_Src/ms_btms.c:547:6:BTMS_GetErrFlags	0	static
../User_Src/ms_btms.c:548:6:BTMS_GetErrCount	0	static
../User_Src/ms_btms.c:549:6:BTMS_IsStatusNormal	0	static
../User_Src/ms_btms.c:550:6:BTMS_GetReturnTemp	0	static
../User_Src/ms_btms.c:551:6:BTMS_GetSupplyTemp	0	static
../User_Src/ms_btms.c:552:6:BTMS_GetHumidity	0	static
../User_Src/ms_btms.c:553:6:BTMS_GetStartMode	0	static
../User_Src/ms_btms.c:554:6:BTMS_GetTargetTemp	0	static
../User_Src/ms_btms.c:555:6:BTMS_GetTimeoutStatus	0	static
../User_Src/ms_btms.c:556:29:BTMS_GetParsedData	0	static
../User_Src/ms_btms.c:559:6:BTMS_IsErrActive	0	static
