../User_Src/ms_can_mon.c:73:6:Can_Tx_Info	24	static
../User_Src/ms_can_mon.c:88:6:Can_Tx_TimeDate	16	static
../User_Src/ms_can_mon.c:98:6:Can_Tx_Summery	16	static
../User_Src/ms_can_mon.c:121:6:Can_Tx_Summery_PV	16	static
../User_Src/ms_can_mon.c:146:6:Can_Tx_Summery_CV	16	static
../User_Src/ms_can_mon.c:166:6:Can_Tx_Summery_TH	16	static
../User_Src/ms_can_mon.c:187:6:Can_Tx_Pos	16	static
../User_Src/ms_can_mon.c:195:6:Can_Tx_Supply_LowV	16	static
../User_Src/ms_can_mon.c:220:6:Can_Tx_AlarmDet	16	static
../User_Src/ms_can_mon.c:230:6:Can_Tx_BattCfg_Info	16	static
../User_Src/ms_can_mon.c:252:6:Can_Tx_IO	16	static
../User_Src/ms_can_mon.c:267:6:Can_Tx_Hall_Cab1500	16	static
../User_Src/ms_can_mon.c:292:6:Can_Tx_Summery_PVAdc	16	static
../User_Src/ms_can_mon.c:311:6:Can_Tx_Btms_Status	16	static
../User_Src/ms_can_mon.c:334:6:Can_Tx_Balancing	16	static
../User_Src/ms_can_mon.c:355:6:Can_Tx_AdCvComFail	16	static
../User_Src/ms_can_mon.c:402:6:Can_Tx_Cv	16	static
../User_Src/ms_can_mon.c:424:6:Can_Tx_Th	16	static
../User_Src/ms_can_mon.c:446:6:Can_Tx_Sen_LHD	16	static
../User_Src/ms_can_mon.c:457:6:Can_Tx_Sen_IMD	16	static
../User_Src/ms_can_mon.c:466:6:Can_Tx_Sen_GAS	16	static
../User_Src/ms_can_mon.c:477:6:Can_Tx_SM_Timer	16	static
../User_Src/ms_can_mon.c:510:6:Can_Proc	8	static
../User_Src/ms_can_mon.c:581:6:Can_Independent_Init	8	static
../User_Src/ms_can_mon.c:586:6:Can_Independent	8	static
