../User_Src/ms_can.c:58:6:Can_Fifo_In	16	static
../User_Src/ms_can.c:109:5:Can_Fifo_GetRemainCount	0	static
../User_Src/ms_can.c:122:5:Can_Fifo_GetMaxRemainCount	0	static
../User_Src/ms_can.c:131:5:Can_Fifo_GetRemainZeroCount	0	static
../User_Src/ms_can.c:136:6:Can_Fifo_Out	12	static
../User_Src/ms_can.c:190:6:Can_Fifo_TxCheck_In	8	static
../User_Src/ms_can.c:207:6:Can_Fifo_TxCheck_SetTxDone	0	static
../User_Src/ms_can.c:217:6:Can_Fifo_TxCheck_TxOkFalseCount	0	static
../User_Src/ms_can.c:227:6:Can_Fifo_TxCheck_GetTxDone	0	static
../User_Src/ms_can.c:232:6:Can_Fifo_TxCheck_SetTxReady	0	static
../User_Src/ms_can.c:238:6:Can_Fifo_TxCheck_GetLastTx	4	static
../User_Src/ms_can.c:258:6:Can_Fifo_WriteLog_TxFail	0	static
../User_Src/ms_can.c:273:5:Can_Fifo_Get_MaxFifoCount	0	static
../User_Src/ms_can.c:282:6:Can_Fifo_TxCheck_CheckAbortMsg	0	static
../User_Src/ms_can.c:287:6:Can_Fifo_TxCheck_CheckErrorMsg	0	static
../User_Src/ms_can.c:292:5:Can_Fifo_TxCheck_GetErrorCount	0	static
../User_Src/ms_can.c:299:6:Can_MakeConfigFilter	48	static
../User_Src/ms_can.c:319:6:Can_SetupInterrupt	8	static
../User_Src/ms_can.c:361:6:Can_Init	8	static
../User_Src/ms_can.c:377:6:HAL_CAN_RxFifo0MsgPendingCallback	48	static
../User_Src/ms_can.c:630:6:Can_TxFifo	32	static
../User_Src/ms_can.c:650:6:Can_TxProc	48	static
