../User_Src/ms_det.c:90:4:CellOVPD	0	static
../User_Src/ms_det.c:103:4:CellUVPD	0	static
../User_Src/ms_det.c:117:4:PackOVPD	0	static
../User_Src/ms_det.c:130:4:PackUVPD	0	static
../User_Src/ms_det.c:143:4:ChagOCPD	0	static
../User_Src/ms_det.c:156:4:DchgOCPD	0	static
../User_Src/ms_det.c:169:4:ChagOTPD	0	static
../User_Src/ms_det.c:182:4:ChagUTPD	0	static
../User_Src/ms_det.c:195:4:DchgOTPD	0	static
../User_Src/ms_det.c:208:4:DchgUTPD	0	static
../User_Src/ms_det.c:222:4:ADTempFD	0	static
../User_Src/ms_det.c:235:4:ADTempFDR	0	static
../User_Src/ms_det.c:249:4:AuxiOVPD	0	static
../User_Src/ms_det.c:262:4:AuxiUVPD	0	static
../User_Src/ms_det.c:275:4:CellVImbalPD	0	static
../User_Src/ms_det.c:289:4:CellTImbalPD	0	static
../User_Src/ms_det.c:39:5:Det_Occur	16	static
../User_Src/ms_det.c:304:4:VoltMeasFD	0	static
../User_Src/ms_det.c:324:4:CurrMeasFD	0	static
../User_Src/ms_det.c:353:4:CellOVPR	0	static
../User_Src/ms_det.c:366:4:CellUVPR	0	static
../User_Src/ms_det.c:379:4:CellPackDchgOVPR	0	static
../User_Src/ms_det.c:392:4:CellPackChagUVPR	0	static
../User_Src/ms_det.c:405:4:PackOVPR	0	static
../User_Src/ms_det.c:424:4:PackUVPR	0	static
../User_Src/ms_det.c:443:4:ChagOCPR	0	static
../User_Src/ms_det.c:463:4:DchgOCPR	0	static
../User_Src/ms_det.c:481:4:ChagOTPR	0	static
../User_Src/ms_det.c:500:4:ChagUTPR	0	static
../User_Src/ms_det.c:523:4:DchgOTPR	0	static
../User_Src/ms_det.c:547:4:DchgUTPR	0	static
../User_Src/ms_det.c:570:4:AuxiOVPR	0	static
../User_Src/ms_det.c:582:4:AuxiUVPR	0	static
../User_Src/ms_det.c:594:4:CellVImbalPR	0	static
../User_Src/ms_det.c:606:4:CellTImbalPR	0	static
../User_Src/ms_det.c:62:5:Det_Release	16	static
../User_Src/ms_det.c:618:4:VoltMeasFR	0	static
../User_Src/ms_det.c:637:4:ScpFD	0	static
../User_Src/ms_det.c:661:4:ScpPR	0	static
../User_Src/ms_det.c:903:6:Det_Proc	8	static
