../User_Src/ms_mvb.c:519:12:MVB_TimerProc	0	static
../User_Src/ms_mvb.c:40:5:MVB_Crc16	4	static
../User_Src/ms_mvb.c:98:6:MVB_Init	8	static
../User_Src/ms_mvb.c:115:6:MVB_SendFrame	144	static
../User_Src/ms_mvb.c:230:6:MVB_RxData_ReParser	0	static
../User_Src/ms_mvb.c:249:6:MVB_RxData_FrameParser	8	static
../User_Src/ms_mvb.c:166:6:MVB_Receive_DMA_Poll	16	static
../User_Src/ms_mvb.c:139:4:MVB_SendCheckPoll	16	static
../User_Src/ms_mvb.c:220:6:MVB_Rx_CallBack	8	static
../User_Src/ms_mvb.c:359:6:MVB_ProcessFrame	0	static
../User_Src/ms_mvb.c:375:6:MVB_HandleCommand	0	static
../User_Src/ms_mvb.c:392:4:MVB_InitSequence	40	static
../User_Src/ms_mvb.c:535:6:MVB_Proc	8	static
../User_Src/ms_mvb.c:603:4:MVB_GetTimeoutStatus	0	static
