../User_Src/ms_process.c:32:6:Proc_Calcul_CvTh	24	static
../User_Src/ms_process.c:112:5:Proc_MovAvg	32	static
../User_Src/ms_process.c:150:6:Proc_SensorCheck	8	static
../User_Src/ms_process.c:158:6:Proc_Soc_Soh	8	static
../User_Src/ms_process.c:170:4:Proc_Charing	0	static
../User_Src/ms_process.c:184:4:Proc_Discharing	0	static
../User_Src/ms_process.c:198:6:Proc_Check_CommStatus	8	static
../User_Src/ms_process.c:232:6:Proc_EepSave	8	static
../User_Src/ms_process.c:238:6:Proc_Adc	8	static
../User_Src/ms_process.c:258:6:Proc_Detection	8	static
../User_Src/ms_process.c:265:6:Proc_Bms_Init	8	static
../User_Src/ms_process.c:315:6:Proc_Check_Status	8	static
../User_Src/ms_process.c:330:6:Proc_Calibration	24	static
../User_Src/ms_process.c:378:5:Proc_Get_ThAvg	0	static
../User_Src/ms_process.c:379:5:Proc_Get_ThMax	0	static
../User_Src/ms_process.c:380:5:Proc_Get_ThMin	0	static
../User_Src/ms_process.c:382:5:Proc_Get_CvAvg	0	static
../User_Src/ms_process.c:383:5:Proc_Get_CvMax	0	static
../User_Src/ms_process.c:384:5:Proc_Get_CvMin	0	static
../User_Src/ms_process.c:385:5:Proc_Get_CvDiff	0	static
