../User_Src/ms_process.c:32:6:Proc_Calcul_CvTh	24	static
../User_Src/ms_process.c:115:5:Proc_MovAvg	32	static
../User_Src/ms_process.c:153:6:Proc_SensorCheck	8	static
../User_Src/ms_process.c:161:6:Proc_Soc_Soh	8	static
../User_Src/ms_process.c:173:4:Proc_Charing	0	static
../User_Src/ms_process.c:187:4:Proc_Discharing	0	static
../User_Src/ms_process.c:201:6:Proc_Check_CommStatus	8	static
../User_Src/ms_process.c:235:6:Proc_EepSave	8	static
../User_Src/ms_process.c:241:6:Proc_Adc	8	static
../User_Src/ms_process.c:261:6:Proc_Detection	8	static
../User_Src/ms_process.c:268:6:Proc_Bms_Init	8	static
../User_Src/ms_process.c:307:6:Proc_Check_Status	8	static
../User_Src/ms_process.c:324:5:Proc_Get_ThAvg	0	static
../User_Src/ms_process.c:325:5:Proc_Get_ThMax	0	static
../User_Src/ms_process.c:326:5:Proc_Get_ThMin	0	static
../User_Src/ms_process.c:328:5:Proc_Get_CvAvg	0	static
../User_Src/ms_process.c:329:5:Proc_Get_CvMax	0	static
../User_Src/ms_process.c:330:5:Proc_Get_CvMin	0	static
../User_Src/ms_process.c:331:5:Proc_Get_CvDiff	0	static
