../User_Src/ms_rs232_mon.c:147:6:Uart1_BootDataSrc	4	static
../User_Src/ms_rs232_mon.c:207:6:Uart1_BootEndDataSrc	0	static
../User_Src/ms_rs232_mon.c:92:6:Uart1_Uart1BootFunction	16	static
../User_Src/ms_rs232_mon.c:247:6:Uart1_BmuDataSrc	8	static
../User_Src/ms_rs232_mon.c:318:6:Uart1_CmuDataSrc	24	static
../User_Src/ms_rs232_mon.c:391:6:Uart1_EEPDataSrc	16	static
../User_Src/ms_rs232_mon.c:428:6:Uart1_ManualMode	40	static
../User_Src/ms_rs232_mon.c:541:6:Uart1_Manual_FetRelay0xFC_Mode	0	static
../User_Src/ms_rs232_mon.c:603:6:Uart1_CalPackVoltage	112	static
../User_Src/ms_rs232_mon.c:683:6:Uart1_CalPackCurrent	104	static
../User_Src/ms_rs232_mon.c:348:6:Uart1_CalSystem	16	static
../User_Src/ms_rs232_mon.c:34:6:Uart1_Uart1Function	16	static
../User_Src/ms_rs232_mon.c:739:6:Uart1_CalAUXVoltage	0	static
../User_Src/ms_rs232_mon.c:778:6:Uart1_Rx1Function	8	static
../User_Src/ms_rs232_mon.c:793:6:Uart1_Init	16	static
../User_Src/ms_rs232_mon.c:799:6:Uart1_Proc	8	static
