../User_Src/ms_timer.c:44:5:DWT_Delay_Init	0	static,ignoring_inline_asm
../User_Src/ms_timer.c:66:6:Delay_us	16	static
../User_Src/ms_timer.c:73:6:Delay_ms	16	static
../User_Src/ms_timer.c:89:6:TimerProcess	16	static
../User_Src/ms_timer.c:137:6:TimerInit	8	static
../User_Src/ms_timer.c:148:12:TimerAdd	8	static
../User_Src/ms_timer.c:189:12:TimerRestart	0	static
../User_Src/ms_timer.c:208:12:TimerDelete	0	static
../User_Src/ms_timer.c:227:5:GetTick_us	0	static
../User_Src/ms_timer.c:231:6:HAL_TIM_PeriodElapsedCallback	8	static
