../Core/Src/stm32f4xx_it.c:87:6:NMI_Handler	0	static
../Core/Src/stm32f4xx_it.c:102:6:HardFault_Handler	0	static
../Core/Src/stm32f4xx_it.c:116:6:MemManage_Handler	0	static
../Core/Src/stm32f4xx_it.c:131:6:BusFault_Handler	0	static
../Core/Src/stm32f4xx_it.c:146:6:UsageFault_Handler	0	static
../Core/Src/stm32f4xx_it.c:161:6:SVC_Handler	0	static
../Core/Src/stm32f4xx_it.c:174:6:DebugMon_Handler	0	static
../Core/Src/stm32f4xx_it.c:187:6:PendSV_Handler	0	static
../Core/Src/stm32f4xx_it.c:200:6:SysTick_Handler	8	static
../Core/Src/stm32f4xx_it.c:237:6:DMA1_Stream1_IRQHandler	8	static
../Core/Src/stm32f4xx_it.c:251:6:DMA1_Stream3_IRQHandler	8	static
../Core/Src/stm32f4xx_it.c:265:6:DMA1_Stream4_IRQHandler	8	static
../Core/Src/stm32f4xx_it.c:279:6:DMA1_Stream5_IRQHandler	8	static
../Core/Src/stm32f4xx_it.c:293:6:DMA1_Stream6_IRQHandler	8	static
../Core/Src/stm32f4xx_it.c:307:6:CAN1_TX_IRQHandler	8	static
../Core/Src/stm32f4xx_it.c:321:6:CAN1_RX0_IRQHandler	8	static
../Core/Src/stm32f4xx_it.c:335:6:TIM1_UP_TIM10_IRQHandler	8	static
../Core/Src/stm32f4xx_it.c:349:6:I2C1_EV_IRQHandler	8	static
../Core/Src/stm32f4xx_it.c:363:6:I2C2_EV_IRQHandler	8	static
../Core/Src/stm32f4xx_it.c:377:6:I2C2_ER_IRQHandler	8	static
../Core/Src/stm32f4xx_it.c:391:6:USART1_IRQHandler	8	static
../Core/Src/stm32f4xx_it.c:405:6:USART2_IRQHandler	8	static
../Core/Src/stm32f4xx_it.c:419:6:USART3_IRQHandler	8	static
../Core/Src/stm32f4xx_it.c:433:6:DMA2_Stream0_IRQHandler	8	static
../Core/Src/stm32f4xx_it.c:447:6:DMA2_Stream1_IRQHandler	8	static
../Core/Src/stm32f4xx_it.c:461:6:DMA2_Stream2_IRQHandler	8	static
../Core/Src/stm32f4xx_it.c:475:6:DMA2_Stream3_IRQHandler	8	static
../Core/Src/stm32f4xx_it.c:489:6:DMA2_Stream4_IRQHandler	8	static
../Core/Src/stm32f4xx_it.c:503:6:DMA2_Stream5_IRQHandler	8	static
../Core/Src/stm32f4xx_it.c:517:6:DMA2_Stream7_IRQHandler	8	static
